


ARM Macro Assembler    Page 1 


    1 00000000                 PRESERVE8
    2 00000000                 THUMB
    3 00000000         
    4 00000000                 include          DriverJeuLaser.inc
    1 00000000         
    2 00000000         ; Bibliotheque DriverJeuLaser (ancienne gassp72 adaptée 
                       2021 - TR)
    3 00000000         ; Accès en aux fonctions suivantes :
    4 00000000         ; GPIO :
    5 00000000         ; GPIOA_Set(char Broche), GPIOB_Set(char Broche), GPIOC_
                       Set(char Broche)
    6 00000000         ; GPIOA_Clear(char Broche), GPIOB_Clear(char Broche), GP
                       IOC_Clear(char Broche)
    7 00000000         
    8 00000000         ; PWM :
    9 00000000         ;/**
   10 00000000         ; * @brief  Fixe une valeur de PWM, Val, en tick horloge
                       . La rapport cyclique effectif
   11 00000000         ; * est donc : rcy = Thaut_ticks / Periode_ticks
   12 00000000         ; * @note   spécifique Jeu Laser, PWM liée exclusivement
                        au TIM3, chan3
   13 00000000         ; * @param  Thaut_ticks : durée de l'état haut d'une imp
                       ulsion en Ticks
   14 00000000         ;  * @retval None
   15 00000000         ; */
   16 00000000         
   17 00000000         ;void PWM_Set_Value_TIM3_Ch3( unsigned short int Thaut_t
                       icks);
   18 00000000                 import           PWM_Set_Value_TIM3_Ch3
   19 00000000         
   20 00000000         
   21 00000000         
   22 00000000         ;/**
   23 00000000         ; * @brief  Mise à 1 d'une broche GPIO 
   24 00000000         ;  * @note   Une fonction par GPIO
   25 00000000         ; * @param  Broche : 0 à 15
   26 00000000         ; * @retval None
   27 00000000         ; */
   28 00000000         
   29 00000000         ;void GPIOA_Set(char Broche);
   30 00000000                 import           GPIOA_Set
   31 00000000         
   32 00000000         ;void GPIOB_Set(char Broche);
   33 00000000                 import           GPIOB_Set
   34 00000000         
   35 00000000         ;void GPIOC_Set(char Broche);
   36 00000000                 import           GPIOC_Set
   37 00000000         
   38 00000000         
   39 00000000         
   40 00000000         ;/**
   41 00000000         ; * @brief  Mise à 0 d'une broche GPIO 
   42 00000000         ;  * @note   Une fonction par GPIO
   43 00000000         ; * @param  Broche : 0 à 15
   44 00000000         ; * @retval None
   45 00000000         ;  */
   46 00000000         
   47 00000000         ;void GPIOA_Clear(char Broche);
   48 00000000                 import           GPIOA_Clear



ARM Macro Assembler    Page 2 


   49 00000000         
   50 00000000         ;void GPIOB_Clear(char Broche);
   51 00000000                 import           GPIOB_Clear
   52 00000000         
   53 00000000         ;void GPIOC_Clear(char Broche);
   54 00000000                 import           GPIOC_Clear
   55 00000000         
   56 00000000                 end
    5 00000000         
    6 00000000         ; ====================== zone de réservation de données,
                         ======================================
    7 00000000         ;Section RAM (read only) :
    8 00000000                 area             mesdata,data,readonly
    9 00000000         
   10 00000000         
   11 00000000         ;Section RAM (read write):
   12 00000000                 area             maram,data,readwrite
   13 00000000 00000000 
                       SortieSon
                               dcd              0
   14 00000004         
   15 00000004                 import           Son
   16 00000004                 import           LongueurSon
   17 00000004                 import           Cursor
   18 00000004         
   19 00000004                 export           SortieSon
   20 00000004                 export           PlaySound
   21 00000004         
   22 00000004         ; ======================================================
                       =========================================
   23 00000004         
   24 00000004         
   25 00000004         ;Section ROM code (read only) :  
   26 00000004                 area             moncode,code,readonly
   27 00000000         ; écrire le code ici  
   28 00000000         
   29 00000000         PlaySound
                               proc
   30 00000000         
   31 00000000         ;R0 = Cursor;
   32 00000000 480D            ldr              R0, =Cursor
   33 00000002 F9B0 0000       ldrsh            R0, [R0]
   34 00000006         
   35 00000006         ;R1 = *R0;
   36 00000006 F9B0 1000       ldrsh            R1, [R0]
   37 0000000A         
   38 0000000A         ;R1 += 32768
   39 0000000A F501 4100       add              R1, #32768
   40 0000000E         
   41 0000000E         ;R1 *= 719
   42 0000000E F240 22CF       mov              R2, #719
   43 00000012 FB01 F102       mul              R1, R2
   44 00000016         
   45 00000016         ;R1 /= 65536
   46 00000016 F44F 3280       mov              R2, #65536
   47 0000001A FB91 F1F2       sdiv             R1, R2
   48 0000001E         
   49 0000001E         ;SortieSon = R2;
   50 0000001E 4A07            ldr              R2, =SortieSon



ARM Macro Assembler    Page 3 


   51 00000020 6011            str              R1, [R2]
   52 00000022         
   53 00000022         
   54 00000022         ;R1=&Son
   55 00000022 4907            ldr              R1, =Son
   56 00000024         
   57 00000024         ;R1+=LongueurSon
   58 00000024 4A07            ldr              R2, =LongueurSon
   59 00000026 6812            ldr              R2, [R2]
   60 00000028 4411            add              R1, R2
   61 0000002A         
   62 0000002A         ;if(R0 < R1){
   63 0000002A 4288            cmp              R0, R1
   64 0000002C D203            bcs              return
   65 0000002E         ; R0++;
   66 0000002E F100 0002       add              r0, #2
   67 00000032         
   68 00000032         ;   Cursor = R0
   69 00000032 4A01            ldr              R2, =Cursor
   70 00000034 6010            str              R0, [R2]
   71 00000036         
   72 00000036         
   73 00000036         ;}
   74 00000036         return
   75 00000036         ; return;
   76 00000036 4770            bx               lr
   77 00000038         
   78 00000038         
   79 00000038         
   80 00000038         
   81 00000038         
   82 00000038         
   83 00000038                 endp
   84 00000038                 END
              00000000 
              00000000 
              00000000 
              00000000 
Command Line: --debug --xref --diag_suppress=9931 --cpu=Cortex-M3 --apcs=interw
ork --depend=.\obj\gestionson.d -o.\obj\gestionson.o -I.\Driver -I.\RTE\_Simu -
IC:\Programdata\Keil\Arm\Packs\ARM\CMSIS\5.7.0\CMSIS\Core\Include -IC:\Programd
ata\Keil\Arm\Packs\Keil\STM32F1xx_DFP\2.3.0\Device\Include --predefine="__EVAL 
SETA 1" --predefine="__MICROLIB SETA 1" --predefine="__UVISION_VERSION SETA 534
" --predefine="_RTE_ SETA 1" --predefine="STM32F10X_MD SETA 1" --predefine="_RT
E_ SETA 1" --list=gestionson.lst Src\GestionSon.s



ARM Macro Assembler    Page 1 Alphabetic symbol ordering
Relocatable symbols

mesdata 00000000

Symbol: mesdata
   Definitions
      At line 8 in file Src\GestionSon.s
   Uses
      None
Comment: mesdata unused
1 symbol



ARM Macro Assembler    Page 1 Alphabetic symbol ordering
Relocatable symbols

SortieSon 00000000

Symbol: SortieSon
   Definitions
      At line 13 in file Src\GestionSon.s
   Uses
      At line 19 in file Src\GestionSon.s
      At line 50 in file Src\GestionSon.s

maram 00000000

Symbol: maram
   Definitions
      At line 12 in file Src\GestionSon.s
   Uses
      None
Comment: maram unused
2 symbols



ARM Macro Assembler    Page 1 Alphabetic symbol ordering
Relocatable symbols

PlaySound 00000000

Symbol: PlaySound
   Definitions
      At line 29 in file Src\GestionSon.s
   Uses
      At line 20 in file Src\GestionSon.s
Comment: PlaySound used once
moncode 00000000

Symbol: moncode
   Definitions
      At line 26 in file Src\GestionSon.s
   Uses
      None
Comment: moncode unused
return 00000036

Symbol: return
   Definitions
      At line 74 in file Src\GestionSon.s
   Uses
      At line 64 in file Src\GestionSon.s
Comment: return used once
3 symbols



ARM Macro Assembler    Page 1 Alphabetic symbol ordering
External symbols

Cursor 00000000

Symbol: Cursor
   Definitions
      At line 17 in file Src\GestionSon.s
   Uses
      At line 32 in file Src\GestionSon.s
      At line 69 in file Src\GestionSon.s

GPIOA_Clear 00000000

Symbol: GPIOA_Clear
   Definitions
      At line 48 in file .\Driver\DriverJeuLaser.inc
   Uses
      None
Comment: GPIOA_Clear unused
GPIOA_Set 00000000

Symbol: GPIOA_Set
   Definitions
      At line 30 in file .\Driver\DriverJeuLaser.inc
   Uses
      None
Comment: GPIOA_Set unused
GPIOB_Clear 00000000

Symbol: GPIOB_Clear
   Definitions
      At line 51 in file .\Driver\DriverJeuLaser.inc
   Uses
      None
Comment: GPIOB_Clear unused
GPIOB_Set 00000000

Symbol: GPIOB_Set
   Definitions
      At line 33 in file .\Driver\DriverJeuLaser.inc
   Uses
      None
Comment: GPIOB_Set unused
GPIOC_Clear 00000000

Symbol: GPIOC_Clear
   Definitions
      At line 54 in file .\Driver\DriverJeuLaser.inc
   Uses
      None
Comment: GPIOC_Clear unused
GPIOC_Set 00000000

Symbol: GPIOC_Set
   Definitions
      At line 36 in file .\Driver\DriverJeuLaser.inc
   Uses
      None
Comment: GPIOC_Set unused
LongueurSon 00000000




ARM Macro Assembler    Page 2 Alphabetic symbol ordering
External symbols

Symbol: LongueurSon
   Definitions
      At line 16 in file Src\GestionSon.s
   Uses
      At line 58 in file Src\GestionSon.s
Comment: LongueurSon used once
PWM_Set_Value_TIM3_Ch3 00000000

Symbol: PWM_Set_Value_TIM3_Ch3
   Definitions
      At line 18 in file .\Driver\DriverJeuLaser.inc
   Uses
      None
Comment: PWM_Set_Value_TIM3_Ch3 unused
Son 00000000

Symbol: Son
   Definitions
      At line 15 in file Src\GestionSon.s
   Uses
      At line 55 in file Src\GestionSon.s
Comment: Son used once
10 symbols
353 symbols in table
